package strict

type AlignAndSortWithOrderExample struct {
	Foo    int `json:"foo,omitempty" yaml:"bar" xml:"baz" binding:"required" gorm:"column:foo" validate:"required" zip:"foo"` // want `tag is not aligned, should be: json:"foo,omitempty" yaml:"bar" xml:"baz" binding:"required" gorm:"column:foo" validate:"required" zip:"foo"`
	Bar    int `json:"bar,omitempty" yaml:"foo" xml:"bar" binding:"required" gorm:"column:bar" validate:"required" zip:"bar"` // want `tag is not aligned, should be: json:"bar,omitempty" yaml:"foo" xml:"bar" binding:"required" gorm:"column:bar" validate:"required" zip:"bar"`
	FooBar int `json:"bar,omitempty" yaml:"foo" xml:"bar" binding:"required" gorm:"column:bar" validate:"required" zip:"bar"` // want `tag is not aligned, should be: json:"bar,omitempty" yaml:"foo" xml:"bar" binding:"required" gorm:"column:bar" validate:"required" zip:"bar"`
}

type AlignAndSortWithOrderExample2 struct {
	Foo int `                     yaml:"bar" xml:"baz" binding:"required" gorm:"column:foo" validate:"required" zip:"foo"` // want `tag is not aligned, should be:                      yaml:"bar" xml:"baz" binding:"required" gorm:"column:foo" validate:"required" zip:"foo"`
	Bar int `json:"bar,omitempty" yaml:"foo" xml:"bar" binding:"required" gorm:"column:bar" validate:"required"`           // want `tag is not aligned, should be: json:"bar,omitempty" yaml:"foo" xml:"bar" binding:"required" gorm:"column:bar" validate:"required"`
}

type AlignAndSortWithOrderExample3 struct {
	Foo    int `                                                                         gorm:"column:foo"                     zip:"foo"` // want `tag is not aligned, should be:                                                                          gorm:"column:foo"                     zip:"foo"`
	Bar    int `json:"bar,omitempty" yaml:"foo" xml:"barxxxxxxxxxxxx" binding:"required" gorm:"column:bar" validate:"required" zip:"bar"` // want `tag is not aligned, should be: json:"bar,omitempty" yaml:"foo" xml:"barxxxxxxxxxxxx" binding:"required" gorm:"column:bar" validate:"required" zip:"bar"`
	FooBar int `json:"bar,omitempty" yaml:"foo"                       binding:"required" gorm:"column:bar" validate:"required" zip:"bar"` // want `tag is not aligned, should be: json:"bar,omitempty" yaml:"foo"                       binding:"required" gorm:"column:bar" validate:"required" zip:"bar"`
}
